info: Open command passed
error: Open command failed.
info: Open command passed
error: Open command failed.
info: Open command passed
error: Open command failed.
info: Open command passed
error: Open command failed.
info: Open command passed
error: Open command failed.
info: Open command passed
error: Type command failed.
info: Open command passed
error: Type command failed.
info: Open command passed
error: Type command failed.
error: Type command failed.
error: Click command Passed.
info: Open command passed
error: Type command failed.
error: Click command Passed.
error: Open command failed.
